Spherical geometry (s2) switched off
cache: 1670471 frames on 7036 rolls
spacing window (fly#95): 0.557 to 0.780
negative control: 40 keys drawn, 39 with pairs, 192 pairs
CONTROL synthetic: 50 gated cases (p_true >= 0.35), matched 50, max |p_img - p_true| 0.0000: PASS
  floor: p_true 0.200 matched 0 of 10
  floor: p_true 0.250 matched 10 of 10
  floor: p_true 0.300 matched 10 of 10
CONTROL negative: 34 of 39 keys with >= 3 matched pairs; median d -0.0307; tau (95th |d|) 0.2199 (ceiling 0.2231), a step error of x1.246: PASS
  negative pairs: matched 159, no_match 31, no_thumbnail 2
CONTROL false match: 38 unrelated pairs, matched 0 (0.000; at most 0.05): PASS; no_match 36, no_thumbnail 2
  written bc5561 0.80: 5 of 5 pairs matched, p_img 0.818, p_nominal 0.823
  written bc5598 0.80: 5 of 5 pairs matched, p_img 0.817, p_nominal 0.804
  written bc7454 0.80: 5 of 5 pairs matched, p_img 0.825, p_nominal 0.828
  written bc77115 0.30 (reported only): 5 of 5 pairs matched, p_img 0.660, p_nominal 0.656
  written bc78016 0.80: 5 of 5 pairs matched, p_img 0.806, p_nominal 0.825
  written bc78065 0.80: 5 of 5 pairs matched, p_img 0.798, p_nominal 0.782
  written bc78153 0.80: 5 of 5 pairs matched, p_img 0.849, p_nominal 0.842
  written bc79027 0.80: 5 of 5 pairs matched, p_img 0.844, p_nominal 0.854
  written bc86103 0.80: 5 of 5 pairs matched, p_img 0.825, p_nominal 0.849
  written bcc162 0.65: 5 of 5 pairs matched, p_img 0.656, p_nominal 0.696
CONTROL written overlap: 9 gated rolls with >= 3 matched pairs (need 6); median p_img - written +0.0178 (within 0.08): PASS
CONTROL positive: bc85054 162/163 matched, p_img 0.603, p_nominal 0.314, |D| 0.548 against tau 0.220: PASS
stopping after the controls
